// Jest Snapshot v1, https://goo.gl/fbAQLP

exports[`app should have the expected watchers 1`] = `
Object {
  "fork": Array [
    Object {
      "@@redux-saga/IO": true,
      "FORK": Object {
        "args": Array [
          "GET_PRODUCTBYID",
          "@@redux-saga-test-plan/json/function/getProductByID",
        ],
        "context": null,
        "fn": "@@redux-saga-test-plan/json/function/takeLatest",
      },
    },
    Object {
      "@@redux-saga/IO": true,
      "FORK": Object {
        "args": Array [
          "GET_PRODUCT",
          "@@redux-saga-test-plan/json/function/getProduct",
        ],
        "context": null,
        "fn": "@@redux-saga-test-plan/json/function/takeLatest",
      },
    },
    Object {
      "@@redux-saga/IO": true,
      "FORK": Object {
        "args": Array [
          "GET_SERVICESBYID",
          "@@redux-saga-test-plan/json/function/getServicesByID",
        ],
        "context": null,
        "fn": "@@redux-saga-test-plan/json/function/takeLatest",
      },
    },
  ],
  "take": Array [
    Object {
      "@@redux-saga/IO": true,
      "TAKE": Object {
        "pattern": "GET_PRODUCTBYID",
      },
    },
    Object {
      "@@redux-saga/IO": true,
      "TAKE": Object {
        "pattern": "GET_PRODUCT",
      },
    },
    Object {
      "@@redux-saga/IO": true,
      "TAKE": Object {
        "pattern": "GET_SERVICESBYID",
      },
    },
  ],
}
`;
