// Jest Snapshot v1, https://goo.gl/fbAQLP

exports[`constants should match the snapshot 1`] = `
Object {
  "GET_PRODUCT": "GET_PRODUCT",
  "GET_PRODUCTBYID": "GET_PRODUCTBYID",
  "GET_PRODUCTBYID_SUCCESS": "GET_PRODUCTBYID_SUCCESS",
  "GET_PRODUCT_SUCCESS": "GET_PRODUCT_SUCCESS",
  "GET_SERVICESBYID": "GET_SERVICESBYID",
  "GET_SERVICESBYID_SUCCESS": "GET_SERVICESBYID_SUCCESS",
  "HIDE_ALERT": "HIDE_ALERT",
  "SHOW_ALERT": "SHOW_ALERT",
  "USER_LOGIN_FAILURE": "USER_LOGIN_FAILURE",
  "USER_LOGIN_REQUEST": "USER_LOGIN_REQUEST",
  "USER_LOGIN_SUCCESS": "USER_LOGIN_SUCCESS",
  "USER_LOGOUT_FAILURE": "USER_LOGOUT_FAILURE",
  "USER_LOGOUT_REQUEST": "USER_LOGOUT_REQUEST",
  "USER_LOGOUT_SUCCESS": "USER_LOGOUT_SUCCESS",
}
`;
